// Jest Snapshot v1, https://goo.gl/fbAQLP

exports[`<BookFilters /> Snapshot sould be correct 1`] = `
<div>
  <div
    className="well"
  >
    <h3>
      Sort by
    </h3>
    <div
      className="btn-toolbar"
      role="toolbar"
    >
      <div
        className="btn-group"
        data-toggle="buttons"
      >
        <label
          className="btn btn-default active"
          disabled={false}
          type="button"
        >
          <input
            autoComplete="off"
            checked={true}
            disabled={false}
            name="sort"
            onChange={[Function]}
            type="radio"
            value="date"
          />
          Date
        </label>
        <label
          className="btn btn-default"
          disabled={false}
          type="button"
        >
          <input
            autoComplete="off"
            checked={false}
            disabled={false}
            name="sort"
            onChange={[Function]}
            type="radio"
            value="author"
          />
          Author Name
        </label>
        <label
          className="btn btn-default"
          disabled={false}
          type="button"
        >
          <input
            autoComplete="off"
            checked={false}
            disabled={false}
            name="sort"
            onChange={[Function]}
            type="radio"
            value="book"
          />
          Book Title
        </label>
      </div>
      <div
        className="btn-group"
        data-toggle="buttons"
      >
        <label
          className="btn btn-default"
          disabled={false}
          type="button"
        >
          <input
            autoComplete="off"
            checked={false}
            disabled={false}
            name="order"
            onChange={[Function]}
            type="radio"
            value="asc"
          />
          <span
            className="glyphicon glyphicon-glyphicon glyphicon-triangle-top"
          />
        </label>
        <label
          className="btn btn-default active"
          disabled={false}
          type="button"
        >
          <input
            autoComplete="off"
            checked={true}
            disabled={false}
            name="order"
            onChange={[Function]}
            type="radio"
            value="dsc"
          />
          <span
            className="glyphicon glyphicon-glyphicon glyphicon-triangle-bottom"
          />
        </label>
      </div>
    </div>
    <h3>
      Filter by Author Gender
    </h3>
    <div
      className="btn-toolbar"
      role="toolbar"
    >
      <div
        className="btn-group"
        data-toggle="buttons"
      >
        <label
          className="btn btn-default active"
          disabled={false}
          type="button"
        >
          <input
            autoComplete="off"
            checked={true}
            disabled={false}
            name="sort"
            onChange={[Function]}
            type="radio"
            value="none"
          />
          All
        </label>
        <label
          className="btn btn-default"
          disabled={false}
          type="button"
        >
          <input
            autoComplete="off"
            checked={false}
            disabled={false}
            name="sort"
            onChange={[Function]}
            type="radio"
            value="MALE"
          />
          Male
        </label>
        <label
          className="btn btn-default"
          disabled={false}
          type="button"
        >
          <input
            autoComplete="off"
            checked={false}
            disabled={false}
            name="sort"
            onChange={[Function]}
            type="radio"
            value="FEMALE"
          />
          Female
        </label>
      </div>
    </div>
    <h3>
      Filter by Book Genre
    </h3>
    <div
      className="form-group"
    >
      <select
        className="form-control"
        id={undefined}
        onChange={[Function]}
        placeholder="Book Genre"
        type={undefined}
      >
        <option
          value="none"
        >
          None
        </option>
        <option
          value={0}
        >
          Horror
        </option>
        <option
          value={1}
        >
          Finance
        </option>
        <option
          value={2}
        >
          Science fiction
        </option>
        <option
          value={3}
        >
          Satire
        </option>
        <option
          value={4}
        >
          Drame
        </option>
        <option
          value={5}
        >
          Action And Adventure
        </option>
        <option
          value={6}
        >
          Romance
        </option>
        <option
          value={7}
        >
          Mystery
        </option>
        <option
          value={8}
        >
          Self Help
        </option>
        <option
          value={9}
        >
          Health
        </option>
        <option
          value={10}
        >
          Guide
        </option>
        <option
          value={11}
        >
          Travel
        </option>
        <option
          value={12}
        >
          Religion
        </option>
        <option
          value={13}
        >
          Science
        </option>
        <option
          value={14}
        >
          History
        </option>
        <option
          value={15}
        >
          Math
        </option>
        <option
          value={16}
        >
          Anthology
        </option>
        <option
          value={17}
        >
          Poetry
        </option>
        <option
          value={18}
        >
          Comics
        </option>
        <option
          value={19}
        >
          Art
        </option>
        <option
          value={20}
        >
          Cookbooks
        </option>
        <option
          value={21}
        >
          Diaries
        </option>
        <option
          value={22}
        >
          Journals
        </option>
        <option
          value={23}
        >
          Series
        </option>
        <option
          value={24}
        >
          Trilogy
        </option>
        <option
          value={25}
        >
          Fantasy
        </option>
        <option
          value={26}
        >
          indeterminate
        </option>
      </select>
    </div>
  </div>
</div>
`;
